// Vitest Snapshot v1, https://vitest.dev/guide/snapshot.html

exports[`BackTopTsx.vue > render 1`] = `
"<div class=\\"target\\" style=\\"height: 100px; overflow: auto;\\">
  <div style=\\"height: 10000px; width: 100%;\\">
    <transition-stub name=\\"van-fade\\" appear=\\"false\\" persisted=\\"false\\" css=\\"true\\">
      <div class=\\"cus-back-top-tsx\\" style=\\"right: 100px; bottom: 200px;\\"><button type=\\"button\\" class=\\"van-button van-button--primary van-button--normal van-button--round\\" cus-back-top-tsx=\\"true\\">
          <div class=\\"van-button__content\\"><i class=\\"van-badge__wrapper van-icon van-icon-back-top van-button__icon\\">
              <!---->
              <!---->
              <!---->
            </i>
            <!---->
            <!---->
          </div>
        </button></div>
    </transition-stub>
  </div>
</div>"
`;
